// Jest Snapshot v1, https://goo.gl/fbAQLP

exports[`should render Header correctly 1`] = `
<header>
  <h1>
    Expensify
  </h1>
  <ul>
    <li>
      <NavLink
        activeClassName="is-active"
        exact={true}
        to="/dashboard"
      >
        Home
      </NavLink>
    </li>
    <li>
      <NavLink
        activeClassName="is-active"
        exact={true}
        to="/add"
      >
        Add an expense
      </NavLink>
    </li>
  </ul>
  <button
    onClick={[MockFunction]}
  >
    Logout
  </button>
</header>
`;
