// Jest Snapshot v1, https://goo.gl/fbAQLP

exports[`should LoginPage component snapshot 1`] = `
<div
  className="box-layout"
>
  <div
    className="box-layout__box"
  >
    <h1
      className="box-layout__title"
    >
      Expensify
    </h1>
    <p>
      Add your expense
    </p>
    <button
      className="button"
      onClick={[MockFunction]}
      type="button"
    >
      Login with google
    </button>
  </div>
</div>
`;
